---
source: crates/ide/src/handlers/hover.rs
expression: "check(\"class Foo { int $field1 = 1; }\")"
---
"int field1 = 1"
