---
source: crates/ide/src/handlers/folding_range.rs
expression: "check(r#\"\nmulticlass Foo {\n    def foo {\n\t    int a;\n    }\n}\n\"#)"
---
Some(
    [
        FoldingRange {
            range: 0..50,
        },
        FoldingRange {
            range: 21..48,
        },
    ],
)
