---
source: crates/ide/src/handlers/document_symbol.rs
expression: symbols
---
Some(
    [
        DocumentSymbol {
            name: "Foo",
            typ: "class",
            range: 7..10,
            kind: Class,
            children: [
                DocumentSymbol {
                    name: "g",
                    typ: "Foo",
                    range: 17..18,
                    kind: Field,
                    children: [],
                },
            ],
        },
    ],
)
