---
source: crates/ide/src/handlers/goto_definition.rs
expression: "check(\"class Foo {int $foo}\")"
---
"foo"
