---
source: crates/ide/src/handlers/references.rs
expression: "check(\"class Foo<int $arg1> { int field1 = arg1; }\")"
---
[
    "arg1",
]
