---
source: crates/ide/src/handlers/hover.rs
expression: "check(\"class $Foo;\")"
---
"class Foo"
