---
source: crates/ide/src/handlers/diagnostics.rs
expression: "check(\"class Foo<string prefix> { string Name = prefix # _POSTFIX; } \")"
---
[]
