---
source: crates/ide/src/handlers/references.rs
expression: "check(\"class Foo { int $field1 = 1; int field2 = field1; }\")"
---
[
    "field1",
]
