---
source: crates/ide/src/handlers/references.rs
expression: "check(\"class $Foo; class Bar: Foo;\")"
---
[
    "Foo",
]
