---
source: tablegen-parser/src/parser.rs
expression: "parse(\"class Foo;\")"
---
SyntaxNode(
    ClassDef,
    [],
)
