---
source: tablegen-parser/src/grammar.rs
expression: "parse(\"a\")"
---
File
  StatementList
    Error(0:1:expected class, def, defm, defset, multiclass, let or foreach, a)
    Error
      Id@0..1 `a`

