---
source: tablegen-parser/src/lexer.rs
expression: "tokenize(\"// hogefuga\\n42\")"
---
[
    LineComment,
    Whitespace,
    IntVal,
    Eof,
]
