---
source: tablegen-parser/src/lexer.rs
expression: "tokenize(\"/* hogefuga */42\")"
---
[
    BlockComment,
    IntVal,
    Eof,
]
