---
source: tablegen-parser/src/grammar.rs
expression: "parse(\"class Foo { int\")"
---
File
  StatementList
    Class
      Class@0..5 `class`
      Whitespace@5..6 ` `
      Identifier
        Id@6..9 `Foo`
      Whitespace@9..10 ` `
      RecordBody
        ParentClassList
        Body
          LBrace@10..11 `{`
          Whitespace@11..12 ` `
          FieldDef
            IntType
              Int@12..15 `int`
            Error(15:15:expected identifier in declaration, )
          Error(15:15:expected RBrace, )

