---
source: tablegen-parser/src/lexer.rs
expression: "tokenize(r#\"hoge \"fuga\\n\\\"\" $piyo [{ foo }]\"#)"
---
[
    Id,
    Whitespace,
    StrVal,
    Whitespace,
    VarName,
    Whitespace,
    CodeFragment,
    Eof,
]
