---
source: crates/syntax/src/grammar.rs
expression: "parse(\"multiclass foo {\n                def _foo1;\n                def _foo2;\n            }\n            multiclass foo: bar {}\")"
---
(
    SourceFile@0..119
      StatementList@0..119
        MultiClass@0..97
          MultiClassKw@0..10 "multiclass"
          Whitespace@10..11 " "
          Identifier@11..15
            Id@11..14 "foo"
            Whitespace@14..15 " "
          ParentClassList@15..15
          LBrace@15..16 "{"
          Whitespace@16..33 "\n                "
          StatementList@33..97
            Def@33..60
              DefKw@33..36 "def"
              Whitespace@36..37 " "
              Value@37..42
                InnerValue@37..42
                  Identifier@37..42
                    Id@37..42 "_foo1"
              RecordBody@42..60
                ParentClassList@42..42
                Body@42..60
                  Semi@42..43 ";"
                  Whitespace@43..60 "\n                "
            Def@60..83
              DefKw@60..63 "def"
              Whitespace@63..64 " "
              Value@64..69
                InnerValue@64..69
                  Identifier@64..69
                    Id@64..69 "_foo2"
              RecordBody@69..83
                ParentClassList@69..69
                Body@69..83
                  Semi@69..70 ";"
                  Whitespace@70..83 "\n            "
            RBrace@83..84 "}"
            Whitespace@84..97 "\n            "
        MultiClass@97..119
          MultiClassKw@97..107 "multiclass"
          Whitespace@107..108 " "
          Identifier@108..111
            Id@108..111 "foo"
          ParentClassList@111..117
            Colon@111..112 ":"
            Whitespace@112..113 " "
            ClassRef@113..117
              Identifier@113..117
                Id@113..116 "bar"
                Whitespace@116..117 " "
          LBrace@117..118 "{"
          StatementList@118..119
            Error@118..119
              RBrace@118..119 "}"
    ,
    [
        SyntaxError {
            range: 118..119,
            message: "expected 'assert', 'def', 'defm', 'defvar', 'dump', 'foreach', 'let', or 'if' in multiclass body",
        },
        SyntaxError {
            range: 119..119,
            message: "expected RBrace",
        },
    ],
)
